LTspice 24.0.12 for Windows
Circuit: * C:\Users\Percy.Chen\ArgoFC\sim\BMS_Update.asc
Start Time: Thu Jul 10 13:24:10 2025
solver = Normal
Maximum thread count: 20
tnom = 27
temp = 27
method = modified trap
WARNING: Node NC_05 is floating.

WARNING: Less than two connections to node nc_01.  This node is used by v4.
WARNING: Less than two connections to node nc_04.  This node is used by v6.
WARNING: Less than two connections to node nc_05.  This node is used by v6.
Direct Newton iteration failed to find .op point.  (Use ".option noopiter" to skip.)
Starting Gmin stepping
Increasing initial diagonal Gmin to 100
Increasing initial diagonal Gmin to 1000
Increasing initial diagonal Gmin to 10000
Increasing initial diagonal Gmin to 100000
Increasing initial diagonal Gmin to 1e+06
Initial Gmin=1e+06 failed
Gmin stepping failed

Starting source stepping with srcstepmethod=0
Source Step = 3.0303%
Source Step = 12.1271%
Starting source stepping with srcstepmethod=1
Source Step = 3.0303%
Source Step = 28.0303%
vernier = 0.0625
Source stepping failed

Pseudo Transient succeeded in finding the operating point at 507.846 ms.
Total elapsed time: 0.616 seconds.

