
**** 10/09/23 16:23:05 ******* PSpice 17.4.0 (Nov 2018) ******* ID# 0 ********

 ** Profile: "TPS259830L_STARTUP-Trans"  [ C:\Users\a0489230\Documents\TPS25983\TPS259830LNRGE_PSPICE_TRANS\tps259830l_trans-pspicefi


 ****     CIRCUIT DESCRIPTION


******************************************************************************




** Creating circuit file "Trans.cir" 
** WARNING: THIS AUTOMATICALLY GENERATED FILE MAY BE OVERWRITTEN BY SUBSEQUENT SIMULATIONS

*Libraries: 
* Profile Libraries :
* Local Libraries :
.LIB "../../../tps259830l_trans.lib" 
* From [PSPICE NETLIST] section of C:\SPB_Data\cdssetup\OrCAD_PSpice\17.4.0\PSpice.ini file:

*Analysis directives: 
.TRAN  0 20m 0 
.OPTIONS ADVCONV
.AUTOCONVERGE ITL1=1000 ITL2=1000 ITL4=1000 RELTOL=0.05 ABSTOL=1.0E-6 VNTOL=.001 PIVTOL=1.0E-10 
.PROBE64 V(alias(*)) I(alias(*)) W(alias(*)) D(alias(*)) NOISE(alias(*)) 
.INC "..\TPS259830L_STARTUP.net" 



**** INCLUDING TPS259830L_STARTUP.net ****
* source TPS259830L_TRANS
X_U2         VOUT N00450 N00209 BFET
C_C1         0 DVDT/BGATE  3.3n  TC=0,0 
R_R1         DVDT/BGATE N00450  1 TC=0,0 
R_R2         N00534 PGOOD  100k TC=0,0 
C_C6         0 VIN  220uF  
V_V3         VIN 0  
+PULSE 0 12 2m 2m 2m 1 2
R_R8         EN 0  125k TC=0,0 
R_I_IN         VIN N16675287  0.01m  
R_R7         VIN EN  1MEG TC=0,0 
R_RIMON         N16675427 0  900 TC=0,0 
C_CTIMER         0 ITIMER  4.7n  
R_RLIM         ILIM 0  82 TC=0,0 
C_COUT         VOUT 0  220u  
R_RLOAD         0 VOUT  12  
V_V2         N00534 0 5
X_U3         DVDT/BGATE EN 0 ILIM N16675427 N16675287 N16675287 N16675287
+  N16675287 ITIMER N16675571 N00209 N00209 N00209 N00209 N00209 N00209 N00209
+  N00209 0 PGOOD N16675832 TPS259830LNRGE

**** RESUMING Trans.cir ****
.END

INFO(ORPSIM-15423): Unable to find index file tps259830l_trans.ind for library file tps259830l_trans.lib.

INFO(ORPSIM-15422): Making new index file tps259830l_trans.ind for library file tps259830l_trans.lib.

WARNING(ORPSIM-15196): Duplicate library entry for D_D1, (type d).

First entry in ../../../tps259830l_trans.lib, duplicate in ../../../tps259830l_trans.lib.
Duplicate entry ignored.

Index has 42 entries from 1 file(s).

**** 10/09/23 16:23:05 ******* PSpice 17.4.0 (Nov 2018) ******* ID# 0 ********

 ** Profile: "TPS259830L_STARTUP-Trans"  [ C:\Users\a0489230\Documents\TPS25983\TPS259830LNRGE_PSPICE_TRANS\tps259830l_trans-pspicefi


 ****     Diode MODEL PARAMETERS


******************************************************************************




               D_D1            X_U3.X_U5_U16.D_D1 
          IS    1.000000E-15    1.000000E-15 
           N     .1              .1          
          RS     .05                         
          TT   10.000000E-12   10.000000E-12 


               X_U3.X_U5_U18.D_D1 
          IS    1.000000E-15 
           N     .1          
          TT   10.000000E-12 


               X_U3.X_U5_U15.D_D1 
          IS    1.000000E-15 
           N     .1          
          TT   10.000000E-12 


               X_U3.X_U5_U20.D_D1 
          IS    1.000000E-15 
           N     .1          
          TT   10.000000E-12 


               X_U3.X_U5_U13.D_D1 
          IS    1.000000E-15 
           N     .1          
          TT   10.000000E-12 


               X_U3.X_U5_U19.D_D1 
          IS    1.000000E-15 
           N     .1          
          TT   10.000000E-12 


               X_U3.X_U5_U14.D_D1 
          IS    1.000000E-15 
           N     .1          
          TT   10.000000E-12 


               X_U3.X_U5_U10.D_D1 
          IS    1.000000E-15 
           N     .1          
          TT   10.000000E-12 


               X_U3.X_U3_U14.D_D1 
          IS    1.000000E-15 
           N     .1          
          TT   10.000000E-12 


               X_U3.X_U3_U11.D_D1 
          IS    1.000000E-15 
           N     .1          
          TT   10.000000E-12 


               X_U3.X_U3_U12.D_D1 
          IS    1.000000E-15 
           N     .1          
          TT   10.000000E-12 


               X_U3.X_U2_U12.D_D1 
          IS    1.000000E-15 
           N     .1          
          TT   10.000000E-12 


               X_U3.X_U2_U8.D_D1 
          IS    1.000000E-15 
           N     .1          
          TT   10.000000E-12 


               X_U3.X_U2_U100_U7.D_D1 
          IS    1.000000E-15 
           N     .1          
          TT   10.000000E-12 


               X_U3.X_U2_U100_U10.D_D1 
          IS    1.000000E-15 
           N     .1          
          TT   10.000000E-12 


               X_U3.X_U2_U14.D_D1 
          IS    1.000000E-15 
           N     .1          
          TT   10.000000E-12 


               X_U3.X_U2_U9.D_D1 
          IS    1.000000E-15 
           N     .1          
          TT   10.000000E-12 


               X_U3.X_U2_U11.D_D1 
          IS    1.000000E-15 
           N     .1          
          TT   10.000000E-12 


               X_U3.X_U2_U5.D_D1 
          IS    1.000000E-15 
           N     .1          
          TT   10.000000E-12 


               X_U3.X_U2_U6.D_D1 
          IS    1.000000E-15 
           N     .1          
          TT   10.000000E-12 


               X_U3.X_U2_U7.D_D1 
          IS    1.000000E-15 
           N     .1          
          TT   10.000000E-12 


               X_U3.X_U2_U10.D_D1 
          IS    1.000000E-15 
           N     .1          
          TT   10.000000E-12 


**** 10/09/23 16:23:05 ******* PSpice 17.4.0 (Nov 2018) ******* ID# 0 ********

 ** Profile: "TPS259830L_STARTUP-Trans"  [ C:\Users\a0489230\Documents\TPS25983\TPS259830LNRGE_PSPICE_TRANS\tps259830l_trans-pspicefi


 ****     MOSFET MODEL PARAMETERS


******************************************************************************




               Q1              NMOS01          
               NMOS            NMOS            
       LEVEL    1               1            
           L  100.000000E-06  100.000000E-06 
           W  100.000000E-06  100.000000E-06 
         VTO    1.8             1.4          
          KP   50               2.400000E+03 
       GAMMA    0               0            
         PHI     .6              .6          
      LAMBDA    0               1.000000E-03 
          IS   10.000000E-15   10.000000E-15 
          JS    0               0            
          PB     .8              .8          
        PBSW     .8              .8          
          CJ    0               0            
        CJSW    0               0            
        CGSO    0               0            
        CGDO    0               0            
        CGBO    0               0            
         TOX    0               0            
          XJ    0               0            
       UCRIT   10.000000E+03   10.000000E+03 
      DIOMOD    1               1            
         VFB    0               0            
        LETA    0               0            
        WETA    0               0            
          U0    0               0            
        TEMP    0               0            
         VDD    5               5            
       XPART    0               0            


**** 10/09/23 16:23:05 ******* PSpice 17.4.0 (Nov 2018) ******* ID# 0 ********

 ** Profile: "TPS259830L_STARTUP-Trans"  [ C:\Users\a0489230\Documents\TPS25983\TPS259830LNRGE_PSPICE_TRANS\tps259830l_trans-pspicefi


 ****     Voltage Controlled Switch MODEL PARAMETERS


******************************************************************************




               X_U3.X_U5_S8._U5_S8 
         RON     .1          
        ROFF    1.000000E+12 
         VON    0            
        VOFF    1            


               X_U3.X_U5_S3._U5_S3 
         RON    1.000000E-03 
        ROFF    1.000000E+12 
         VON    0            
        VOFF    1            


               X_U3.X_U5_S4._U5_S4 
         RON     .1          
        ROFF    1.000000E+12 
         VON    0            
        VOFF    1            


               X_U3.X_U5_S1._U5_S1 
         RON     .1          
        ROFF    1.000000E+12 
         VON    0            
        VOFF    1            


               X_U3.X_U5_S7._U5_S7 
         RON     .1          
        ROFF    1.000000E+12 
         VON    0            
        VOFF    1            


               X_U3.X_U5_S6._U5_S6 
         RON     .1          
        ROFF    1.000000E+12 
         VON    0            
        VOFF    1            


               X_U3.X_U3_U21.S1 
         RON    1            
        ROFF    1.000000E+09 
         VON     .75         
        VOFF     .25         


               X_U3.X_U3_U19.S1 
         RON    1            
        ROFF    1.000000E+09 
         VON     .75         
        VOFF     .25         


               X_U3.X_U3_S1._U3_S1 
         RON   20.000000E+03 
        ROFF  100.000000E+06 
         VON     .2          
        VOFF     .8          


               X_U3.X_U3_U24.S1 
         RON    1            
        ROFF    1.000000E+09 
         VON     .75         
        VOFF     .25         


               X_U3.X_U3_U20.S1 
         RON    1            
        ROFF    1.000000E+09 
         VON     .75         
        VOFF     .25         


               X_U3.X_U2_U124.S1 
         RON    1            
        ROFF    1.000000E+09 
         VON     .75         
        VOFF     .25         


               X_U3.X_U2_S6._U2_S6 
         RON  200            
        ROFF    2.000000E+09 
         VON     .8          
        VOFF     .2          


               X_U3.X_U2_U100_S1._U2_U100_S1 
         RON    1            
        ROFF  100.000000E+06 
         VON     .2          
        VOFF     .8          


               X_U3.X_U2_U100_S5._U2_U100_S5 
         RON    1.000000E+09 
        ROFF     .01         
         VON     .8          
        VOFF     .2          


               X_U3.X_U2_U120.S1 
         RON    1            
        ROFF    1.000000E+09 
         VON     .75         
        VOFF     .25         


               X_U3.X_U2_S5._U2_S5 
         RON    2.000000E+09 
        ROFF    1            
         VON     .8          
        VOFF     .2          


               X_U3.X_U2_S7._U2_S7 
         RON    1.000000E-03 
        ROFF    1.000000E+09 
         VON     .8          
        VOFF     .2          


               X_U3.X_U2_U140.S1 
         RON    1            
        ROFF    1.000000E+09 
         VON     .75         
        VOFF     .25         


               X_U3.X_U2_U106.S1 
         RON    1            
        ROFF    1.000000E+09 
         VON     .75         
        VOFF     .25         


               X_U3.X_U2_S3._U2_S3 
         RON    2            
        ROFF    1.000000E+09 
         VON     .8          
        VOFF     .2          


               X_U3.X_U2_S10._U2_S10 
         RON   10.000000E-06 
        ROFF    1.000000E+09 
         VON    1            
        VOFF    0            


               X_U3.X_U2_S1._U2_S1 
         RON    1            
        ROFF    1.000000E+06 
         VON    1            
        VOFF    0            


               X_U3.X_U2_S9._U2_S9 
         RON     .1          
        ROFF    1.000000E+12 
         VON    1            
        VOFF    0            


               X_U3.X_U2_U105.S1 
         RON    1            
        ROFF    1.000000E+09 
         VON     .75         
        VOFF     .25         


**** 10/09/23 16:23:05 ******* PSpice 17.4.0 (Nov 2018) ******* ID# 0 ********

 ** Profile: "TPS259830L_STARTUP-Trans"  [ C:\Users\a0489230\Documents\TPS25983\TPS259830LNRGE_PSPICE_TRANS\tps259830l_trans-pspicefi


 ****     INITIAL TRANSIENT SOLUTION       TEMPERATURE =   27.000 DEG C


******************************************************************************



 NODE   VOLTAGE     NODE   VOLTAGE     NODE   VOLTAGE     NODE   VOLTAGE


(   EN)    0.0000  (  VIN)    0.0000  ( ILIM) 958.0E-27  ( VOUT) 1.471E-24      

(PGOOD)     .6511  (ITIMER)    2.5000 (N00209) 47.31E-15 (N00450) 20.00E-12     

(N00534)    5.0000 (X_U3.VIN)-5.200E-15                  (N16675287)-200.0E-18  

(N16675427) 10.52E-24                 (N16675571) 1.334E-15                     

(N16675832)-6.227E-12                 (X_U3.SWEN)    0.0000                     

(X_U3.U2_1)    0.0000                 (X_U3.U2_2)    0.0000                     

(X_U3.U2_B)    0.0000                 (X_U3.U2_C)    0.0000                     

(DVDT/BGATE) 20.00E-12                (X_U3.GHI_1)    0.0000                    

(X_U3.RETRY)    0.0000                (X_U3.U1_UVP)    0.0000                   

(X_U3.U2_ENT) 20.00E-12               (X_U3.U2_GHI)    0.0000                   

(X_U3.U3_RST)    1.0000               (X_U3.U1_OVPB)    0.0000                  

(X_U3.U2_CTRL)    0.0000              (X_U3.U2_GATE) 47.31E-15                  

(X_U3.U3_VINT)    2.5000              (X_U3.U5_COMP)    0.0000                  

(X_U3.IFAST_ST)    0.0000             (X_U3.TIMER_ST)    0.0000                 

(X_U3.U1_EN_TH)    1.2000             (X_U3.U2_PG_ST)    0.0000                 

(X_U3.U2_VIN_S)-5.200E-15             (X_U3.U3_SET_1)    0.0000                 

(X_U3.U5_FLT_A)    0.0000             (X_U3.U5_FLT_O)    0.0000                 

(X_U3.N16817657)    1.0000            (X_U3.N16836154)    1.0000                

(X_U3.N16843073)    1.0000            (X_U3.N16888868)    1.0000                

(X_U3.N16889345)    1.0000            (X_U3.N16900450) 47.31E-15                

(X_U3.N16975289)    0.0000            (X_U3.N16982382)    0.0000                

(X_U3.N16982569) 47.49E-24            (X_U3.N16982822)    0.0000                

(X_U3.N16982954)   17.9150            (X_U3.N17012372)    0.0000                

(X_U3.N17023688)    0.0000            (X_U3.N17027619)    1.0000                

(X_U3.N17045771)    0.0000            (X_U3.N17045948)    0.0000                

(X_U3.N17046027)    0.0000            (X_U3.N17067033)    1.0000                

(X_U3.N17084973)    1.0000            (X_U3.N17084996)    1.0000                

(X_U3.N17085052)    1.0000            (X_U3.N17085503)    1.0000                

(X_U3.N17299133)    1.0000            (X_U3.N17320320)    1.0000                

(X_U3.N17513081)    1.0000            (X_U3.N17586963)    1.0000                

(X_U3.N17738079)    1.0000            (X_U3.N17863639)    1.0000                

(X_U3.N17888931)    1.0000            (X_U3.N18042512)    1.0000                

(X_U3.N18059687)    1.0000            (X_U3.N18059768)    1.0000                

(X_U3.N18378615)    0.0000            (X_U3.U1_OVP_TH)    1.2000                

(X_U3.U1_UVP_TH)    2.5300            (X_U3.U2_IFAULT)    0.0000                

(X_U3.U5_DELTAI)    0.0000            (X_U3.THERMAL_OK)    0.0000               

(X_U3.U1_UVLO_OK)    0.0000           (X_U3.U1_UVP_DEL)    0.0000               

(X_U3.U2_OVER_60)    0.0000           (X_U3.U5_DELTADV)    0.0000               

(X_U3.U5_RETRY_S)-6.227E-12           (X_U3.X_U2_U34.1)    0.0000               

(X_U3.X_U2_U35.1)    0.0000           (X_U3.X_U3_U34.1)    0.0000               

(X_U3.X_U5_U35.1)    0.0000           (X_U3.X_U5_U36.1)    1.0000               

(X_U3.DEVICE_EN_B)    1.0000          (X_U3.IFAST_RESET)    0.0000              

(X_U3.U1_OVLO_INT)    0.0000          (X_U3.U1_VIN_UV_B)-5.200E-15              

(X_U3.U2_IFAST_TH)   35.0000          (X_U3.U2_TURN_OFF)    0.0000              

(X_U3.U2_U100_DLY)     .1000          (X_U3.U2_U100_TSD)    0.0000              

(X_U3.U2_VOUT_INT) 47.31E-15          (X_U3.U3_TIMER_EN)    0.0000              

(X_U3.U3_TIMER_OK)    0.0000          (X_U3.U5_DELTAI_1)    0.0000              

(X_U3.U5_DT_LATCH) 20.00E-15          (X_U3.U5_FAULT_OK)    0.0000              

(X_U3.U5_NRETRY_S) 1.334E-15          (X_U3.U5_RETRY_ST)    0.0000              

(X_U3.X_U2_U5.MY5)    1.0000          (X_U3.X_U2_U5.Qbr)    1.0000              

(X_U3.X_U2_U5.Qqq) 2.002E-15          (X_U3.X_U2_U6.MY5)    1.0000              

(X_U3.X_U2_U6.Qbr)    1.0000          (X_U3.X_U2_U6.Qqq) 2.002E-15              

(X_U3.X_U2_U7.MY5)    1.0000          (X_U3.X_U2_U7.Qbr)    1.0000              

(X_U3.X_U2_U7.Qqq)    -.0100          (X_U3.X_U2_U8.MY5)    1.0000              

(X_U3.X_U2_U8.Qbr)    1.0000          (X_U3.X_U2_U8.Qqq) 2.002E-15              

(X_U3.X_U2_U9.MY5)    1.0000          (X_U3.X_U2_U9.Qbr)    1.0000              

(X_U3.X_U2_U9.Qqq)    -.0100          (X_U3.X_U3_U19.CH)    0.0000              

(X_U3.X_U3_U20.CH)    0.0000          (X_U3.X_U3_U21.CH)    0.0000              

(X_U3.X_U3_U24.CH)    0.0000          (X_U3.U1_ENCIR_DEL)    0.0000             

(X_U3.U1_EN_UVLO_B)    0.0000         (X_U3.U1_N16806952)    0.0000             

(X_U3.U1_N16850296)     .7000         (X_U3.U1_N16850701)    0.0000             

(X_U3.U1_N16871925)    0.0000         (X_U3.U1_N16872139)    1.0000             

(X_U3.U1_N16874362)    2.4200         (X_U3.U1_N16874371)    0.0000             

(X_U3.U1_N16878464)    0.0000         (X_U3.U2_N17512741)     .6510             

(X_U3.U2_N17512790)    0.0000         (X_U3.U2_N17512792)    0.0000             

(X_U3.U2_N17512844)     .3200         (X_U3.U2_N17512963) 47.31E-15             

(X_U3.U2_N17513090)    0.0000         (X_U3.U2_N17513127) 47.31E-15             

(X_U3.U2_N17513227)   10.0000         (X_U3.U2_N17513377)     .0100             

(X_U3.U2_N17513414)    3.6000         (X_U3.U2_N17513458) 20.00E-12             

(X_U3.U2_N17513979)    1.0000         (X_U3.U2_N17652583)     .6510             

(X_U3.U2_N17729253)    0.0000         (X_U3.U2_N17729754)    0.0000             

(X_U3.U2_N17737817)    0.0000         (X_U3.U2_N17787025)    0.0000             

(X_U3.U2_N17794741) 522.9E-30         (X_U3.U2_N17804489)    1.0000             

(X_U3.U2_N17809019)    1.0000         (X_U3.U2_N17863938)    1.0000             

(X_U3.U2_N17890958)    1.0000         (X_U3.U2_N18042902)    0.0000             

(X_U3.U2_N18050548)    0.0000         (X_U3.U2_N18059605)    0.0000             

(X_U3.U2_N18059640)    0.0000         (X_U3.U2_N18059643)    0.0000             

(X_U3.U2_N18059669)    0.0000         (X_U3.U2_N18059681)    0.0000             

(X_U3.U2_N18059704) 5.311E-30         (X_U3.U2_N18059712)    0.0000             

(X_U3.U2_N18059845)     .0100         (X_U3.U2_N18059866)   60.0000             

(X_U3.U2_N18081501) 47.31E-15         (X_U3.U2_N18131434) 47.31E-15             

(X_U3.U2_N18190734)    0.0000         (X_U3.U2_N18190771)    1.0000             

(X_U3.U2_N18190774)    1.0000         (X_U3.U2_N18190814)    0.0000             

(X_U3.U2_N18195512)    1.0000         (X_U3.U2_N18195515)    1.0000             

(X_U3.U2_N18372648)    1.0000         (X_U3.U2_N18397090)    0.0000             

(X_U3.U2_N18398079)    0.0000         (X_U3.U2_N18471436)    1.0000             

(X_U3.U2_N18471454)    1.0000         (X_U3.U2_N18471471)    0.0000             

(X_U3.U2_N18474953)    0.0000         (X_U3.U2_N18534784)    0.0000             

(X_U3.U2_N18553403)    1.0000         (X_U3.U2_N18643280)    0.0000             

(X_U3.U2_N18747098)    4.0000         (X_U3.U2_N18747129)    0.0000             

(X_U3.U2_N18747143) 20.00E-12         (X_U3.U2_U100_COMP)    0.0000             

(X_U3.U2_VOUT_KEEP)    0.0000         (X_U3.U2_VOUT_ZERO)    1.0000             

(X_U3.U3_DEVICE_EN)    0.0000         (X_U3.U3_N16888801)    1.0000             

(X_U3.U3_N16889241)    1.0000         (X_U3.U3_N16889257)    0.0000             

(X_U3.U3_N16889268)    0.0000         (X_U3.U3_N16889390) 958.0E-27             

(X_U3.U3_N16889465)     .0050         (X_U3.U3_N16889528)    1.5300             

(X_U3.U3_N16936020)    0.0000         (X_U3.U3_N16956421)    1.0000             

(X_U3.U3_N16964107)    0.0000         (X_U3.U3_N16964280)    1.0000             

(X_U3.U3_N16970038)    0.0000         (X_U3.U3_N17033875)    0.0000             

(X_U3.U3_N17066050)    0.0000         (X_U3.U3_N17066849)    0.0000             

(X_U3.U5_DT_DETECT)    0.0000         (X_U3.U5_N17084516)-6.227E-12             

(X_U3.U5_N17084518)    0.0000         (X_U3.U5_N17084660)    0.0000             

(X_U3.U5_N17084667)    0.0000         (X_U3.U5_N17084779) 1.334E-15             

(X_U3.U5_N17084786)-6.227E-12         (X_U3.U5_N17084857)    1.0000             

(X_U3.U5_N17084916)    0.0000         (X_U3.U5_N17085046)    0.0000             

(X_U3.U5_N17085056)    0.0000         (X_U3.U5_N17085362)     .7500             

(X_U3.U5_N17085407)    1.0500         (X_U3.U5_N17085429)     .0050             

(X_U3.U5_N17085471) 1.334E-15         (X_U3.U5_N17085594)     .0050             

(X_U3.U5_N17085780)    0.0000         (X_U3.U5_N17085824)    0.0000             

(X_U3.U5_N17139028) 20.00E-15         (X_U3.U5_N17140188)    5.0000             

(X_U3.U5_N17143187) 20.00E-15         (X_U3.U5_N17162512) 20.00E-15             

(X_U3.U5_N17193190) 34.37E-09         (X_U3.U5_N17196345)    0.0000             

(X_U3.U5_N17197284)    0.0000         (X_U3.U5_N17252286)    0.0000             

(X_U3.U5_N17287983)    0.0000         (X_U3.U5_N17288290)    0.0000             

(X_U3.U5_N17289157)    0.0000         (X_U3.U5_N17325071)    0.0000             

(X_U3.U5_N17368848)    1.0000         (X_U3.U5_N17369116)    0.0000             

(X_U3.U5_N17369465)    1.0000         (X_U3.U5_N17442959)    1.0000             

(X_U3.U5_N17450689)    1.0000         (X_U3.U5_N17455381)    1.0000             

(X_U3.U5_N17478113)    1.0000         (X_U3.U5_N17485218)    1.0000             

(X_U3.U5_N17586965)    0.0000         (X_U3.U5_N17586967)    1.0000             

(X_U3.U5_N17587018)    1.0000         (X_U3.U5_N17587049)    0.0000             

(X_U3.U5_RETRY_FIN)    1.0000         (X_U3.X_U1_U1.Yint)    0.0000             

(X_U3.X_U1_U2.Yint)    0.0000         (X_U3.X_U1_U3.Yint)    0.0000             

(X_U3.X_U1_U4.Yint)    0.0000         (X_U3.X_U1_U7.Yint)    0.0000             

(X_U3.X_U2_U1.Yint)    0.0000         (X_U3.X_U2_U10.MY5)    1.0000             

(X_U3.X_U2_U10.Qbr)    1.0000         (X_U3.X_U2_U10.Qqq) 2.002E-15             

(X_U3.X_U2_U105.CH)    0.0000         (X_U3.X_U2_U106.CH)    0.0000             

(X_U3.X_U2_U11.MY5)    1.0000         (X_U3.X_U2_U11.Qbr)    1.0000             

(X_U3.X_U2_U11.Qqq) 2.002E-15         (X_U3.X_U2_U12.MY5)    1.0000             

(X_U3.X_U2_U12.Qbr)    1.0000         (X_U3.X_U2_U12.Qqq) 2.002E-15             

(X_U3.X_U2_U120.CH)    0.0000         (X_U3.X_U2_U124.CH)    0.0000             

(X_U3.X_U2_U14.MY5)    1.0000         (X_U3.X_U2_U14.Qbr)    1.0000             

(X_U3.X_U2_U14.Qqq) 2.002E-15         (X_U3.X_U2_U140.CH)    1.0000             

(X_U3.X_U2_U2.Yint)    0.0000         (X_U3.X_U2_U5.Qint) 2.002E-15             

(X_U3.X_U2_U6.Qint) 2.002E-15         (X_U3.X_U2_U7.Qint)    -.0100             

(X_U3.X_U2_U8.Qint) 2.002E-15         (X_U3.X_U2_U9.Qint)    -.0100             

(X_U3.X_U3_U11.MY5)    1.0000         (X_U3.X_U3_U11.Qbr)    1.0000             

(X_U3.X_U3_U11.Qqq)    -.0100         (X_U3.X_U3_U12.MY5)    1.0000             

(X_U3.X_U3_U12.Qbr)    1.0000         (X_U3.X_U3_U12.Qqq) 2.002E-15             

(X_U3.X_U3_U14.MY5)    1.0000         (X_U3.X_U3_U14.Qbr)    1.0000             

(X_U3.X_U3_U14.Qqq)    -.0100         (X_U3.X_U3_U9.Yint)    0.0000             

(X_U3.X_U5_U10.MY5)    1.0000         (X_U3.X_U5_U10.Qbr)    1.0000             

(X_U3.X_U5_U10.Qqq) 2.002E-15         (X_U3.X_U5_U13.MY5)    1.0000             

(X_U3.X_U5_U13.Qbr)    1.0000         (X_U3.X_U5_U13.Qqq)    -.0100             

(X_U3.X_U5_U14.MY5)    1.0000         (X_U3.X_U5_U14.Qbr)    1.0000             

(X_U3.X_U5_U14.Qqq) 2.002E-15         (X_U3.X_U5_U15.MY5)    1.0000             

(X_U3.X_U5_U15.Qbr)    1.0000         (X_U3.X_U5_U15.Qqq)    -.0100             

(X_U3.X_U5_U16.MY5)    1.0000         (X_U3.X_U5_U16.Qbr)    1.0000             

(X_U3.X_U5_U16.Qqq) 2.002E-15         (X_U3.X_U5_U18.MY5)    1.0000             

(X_U3.X_U5_U18.Qbr)    1.0000         (X_U3.X_U5_U18.Qqq) 2.002E-15             

(X_U3.X_U5_U19.MY5)    1.0000         (X_U3.X_U5_U19.Qbr)    1.0000             

(X_U3.X_U5_U19.Qqq)    -.0100         (X_U3.X_U5_U20.MY5)    1.0000             

(X_U3.X_U5_U20.Qbr)    1.0000         (X_U3.X_U5_U20.Qqq) 2.002E-15             

(X_U3.X_U5_U4.YINT)    0.0000         (X_U3.X_U5_U5.YINT)    0.0000             

(X_U3.X_U5_U6.YINT)    0.0000         (X_U3.X_U5_U8.YINT)    1.0000             

(X_U3.THERMAL_FAULT)    0.0000        (X_U3.U1_OVPB_DELAY)    1.0000            

(X_U3.U2_INPUT_TRAN)    0.0000        (X_U3.U2_U100_PW_IN)    0.0000            

(X_U3.U2_U100_RESET)    0.0000        (X_U3.U3_TIMER_OVER)    0.0000            

(X_U3.U5_N170847961)    0.0000        (X_U3.X_U1_U17.YINT)    0.0000            

(X_U3.X_U1_U22.YINT)    1.0000        (X_U3.X_U1_U23.YINT)    0.0000            

(X_U3.X_U1_U25.YINT)    1.0000        (X_U3.X_U1_U26.YINT)    0.0000            

(X_U3.X_U1_U27.YINT)    1.0000        (X_U3.X_U1_U28.YINT)    0.0000            

(X_U3.X_U2_U10.Qint) 2.002E-15        (X_U3.X_U2_U11.Qint) 2.002E-15            

(X_U3.X_U2_U12.Qint) 2.002E-15        (X_U3.X_U2_U14.Qint) 2.002E-15            

(X_U3.X_U2_U3.YINT1)    0.0000        (X_U3.X_U2_U3.YINT2)    0.0000            

(X_U3.X_U2_U3.YINT3)    0.0000        (X_U3.X_U2_U34.INM1)   17.9150            

(X_U3.X_U2_U34.INP1)    0.0000        (X_U3.X_U2_U34.INP2)    0.0000            

(X_U3.X_U2_U35.INM1)   60.0000        (X_U3.X_U2_U35.INP1)    0.0000            

(X_U3.X_U2_U35.INP2)    0.0000        (X_U3.X_U2_U4.YINT1)    0.0000            

(X_U3.X_U2_U4.YINT2)    0.0000        (X_U3.X_U2_U4.YINT3)    0.0000            

(X_U3.X_U2_U5.MYVSS)    0.0000        (X_U3.X_U2_U5.Qqqd1)    0.0000            

(X_U3.X_U2_U6.MYVSS)    0.0000        (X_U3.X_U2_U6.Qqqd1)    0.0000            

(X_U3.X_U2_U7.MYVSS)    0.0000        (X_U3.X_U2_U7.Qqqd1)    0.0000            

(X_U3.X_U2_U8.MYVSS)    0.0000        (X_U3.X_U2_U8.Qqqd1)    0.0000            

(X_U3.X_U2_U9.MYVSS)    0.0000        (X_U3.X_U2_U9.Qqqd1)    0.0000            

(X_U3.X_U3_U11.Qint)    -.0100        (X_U3.X_U3_U12.Qint) 2.002E-15            

(X_U3.X_U3_U14.Qint)    -.0100        (X_U3.X_U3_U19.MEAS)    0.0000            

(X_U3.X_U3_U20.MEAS)    0.0000        (X_U3.X_U3_U21.MEAS)    0.0000            

(X_U3.X_U3_U24.MEAS)    0.0000        (X_U3.X_U3_U34.INM1)     .9700            

(X_U3.X_U3_U34.INP1)    0.0000        (X_U3.X_U3_U34.INP2)    0.0000            

(X_U3.X_U3_U35.YINT)    1.0000        (X_U3.X_U3_U36.YINT)    0.0000            

(X_U3.X_U3_U42.YINT)    0.0000        (X_U3.X_U3_U43.YINT)    1.0000            

(X_U3.X_U3_U44.YINT)    0.0000        (X_U3.X_U3_U45.YINT)    1.0000            

(X_U3.X_U3_U46.YINT)    1.0000        (X_U3.X_U3_U48.YINT)    0.0000            

(X_U3.X_U3_U50.YINT)    1.0000        (X_U3.X_U3_U52.YINT)    0.0000            

(X_U3.X_U5_U10.Qint) 2.002E-15        (X_U3.X_U5_U13.Qint)    -.0100            

(X_U3.X_U5_U14.Qint) 2.002E-15        (X_U3.X_U5_U15.Qint)    -.0100            

(X_U3.X_U5_U16.Qint) 2.002E-15        (X_U3.X_U5_U18.Qint) 2.002E-15            

(X_U3.X_U5_U19.Qint)    -.0100        (X_U3.X_U5_U20.Qint) 2.002E-15            

(X_U3.X_U5_U35.INM1)     .7500        (X_U3.X_U5_U35.INP1)    0.0000            

(X_U3.X_U5_U35.INP2)    0.0000        (X_U3.X_U5_U36.INM1)    -.7500            

(X_U3.X_U5_U36.INP1)    0.0000        (X_U3.X_U5_U36.INP2)     .0050            

(X_U3.X_U5_U37.YINT)    0.0000        (X_U3.X_U5_U40.YINT)    0.0000            

(X_U3.X_U5_U49.YINT)    0.0000        (X_U3.X_U5_U55.YINT)    1.0000            

(X_U3.X_U5_U58.YINT)    0.0000        (X_U3.X_U5_U60.YINT)    0.0000            

(X_U3.X_U5_U62.YINT)    0.0000        (X_U3.X_U5_U64.YINT)    0.0000            

(X_U3.X_U5_U66.YINT)    0.0000        (X_U3.X_U5_U68.YINT)    0.0000            

(X_U3.X_U5_U72.YINT)    0.0000        (X_U3.U2_IFAST_RETRY)    0.0000           

(X_U3.U2_U100_PW_OUT)    0.0000       (X_U3.U3_VILIM_SENSE) 11.68E-27           

(X_U3.U5_NRETRY_OPEN)    0.0000       (X_U3.U5_RETRY_LATCH)    0.0000           

(X_U3.U5_SHORT_FAULT)    0.0000       (X_U3.X_U1_U18.YINT1)    0.0000           

(X_U3.X_U1_U18.YINT2)    0.0000       (X_U3.X_U1_U18.YINT3)    0.0000           

(X_U3.X_U1_U19.YINT1)    0.0000       (X_U3.X_U1_U19.YINT2)    0.0000           

(X_U3.X_U1_U19.YINT3)    0.0000       (X_U3.X_U1_U29.YINT1)    0.0000           

(X_U3.X_U1_U29.YINT2)    0.0000       (X_U3.X_U1_U29.YINT3)    0.0000           

(X_U3.X_U2_U10.MYVSS)    0.0000       (X_U3.X_U2_U10.Qqqd1)    0.0000           

(X_U3.X_U2_U101.YINT)    0.0000       (X_U3.X_U2_U102.YINT)    1.0000           

(X_U3.X_U2_U105.MEAS)    0.0000       (X_U3.X_U2_U106.MEAS)    0.0000           

(X_U3.X_U2_U107.YINT)    0.0000       (X_U3.X_U2_U108.YINT)    0.0000           

(X_U3.X_U2_U109.YINT)    0.0000       (X_U3.X_U2_U11.MYVSS)    0.0000           

(X_U3.X_U2_U11.Qqqd1)    0.0000       (X_U3.X_U2_U110.YINT)    0.0000           

(X_U3.X_U2_U111.YINT)    0.0000       (X_U3.X_U2_U112.YINT)    0.0000           

(X_U3.X_U2_U113.YINT)    1.0000       (X_U3.X_U2_U114.YINT)    1.0000           

(X_U3.X_U2_U115.YINT)    1.0000       (X_U3.X_U2_U116.YINT)    0.0000           

(X_U3.X_U2_U118.YINT)    0.0000       (X_U3.X_U2_U119.YINT)    0.0000           

(X_U3.X_U2_U12.MYVSS)    0.0000       (X_U3.X_U2_U12.Qqqd1)    0.0000           

(X_U3.X_U2_U120.MEAS)    0.0000       (X_U3.X_U2_U121.YINT)    0.0000           

(X_U3.X_U2_U122.YINT)    0.0000       (X_U3.X_U2_U123.YINT)    0.0000           

(X_U3.X_U2_U124.MEAS)    0.0000       (X_U3.X_U2_U125.YINT)    0.0000           

(X_U3.X_U2_U126.YINT)    1.0000       (X_U3.X_U2_U127.YINT)    1.0000           

(X_U3.X_U2_U130.YINT)    0.0000       (X_U3.X_U2_U131.YINT)    0.0000           

(X_U3.X_U2_U132.YINT)    0.0000       (X_U3.X_U2_U133.YINT)    0.0000           

(X_U3.X_U2_U134.YINT)    0.0000       (X_U3.X_U2_U135.YINT)    0.0000           

(X_U3.X_U2_U136.YINT)    0.0000       (X_U3.X_U2_U138.YINT)    1.0000           

(X_U3.X_U2_U14.MYVSS)    0.0000       (X_U3.X_U2_U14.Qqqd1)    0.0000           

(X_U3.X_U2_U140.MEAS)    1.0000       (X_U3.X_U2_U142.YINT)    0.0000           

(X_U3.X_U2_U143.YINT)    0.0000       (X_U3.X_U3_U11.MYVSS)    0.0000           

(X_U3.X_U3_U11.Qqqd1)    0.0000       (X_U3.X_U3_U12.MYVSS)    0.0000           

(X_U3.X_U3_U12.Qqqd1)    0.0000       (X_U3.X_U3_U14.MYVSS)    0.0000           

(X_U3.X_U3_U14.Qqqd1)    0.0000       (X_U3.X_U3_U16.YINT1)    0.0000           

(X_U3.X_U3_U16.YINT2)    0.0000       (X_U3.X_U3_U16.YINT3)    0.0000           

(X_U3.X_U3_U17.YINT1)    0.0000       (X_U3.X_U3_U17.YINT2)    0.0000           

(X_U3.X_U3_U17.YINT3)    0.0000       (X_U3.X_U3_U19.RESET)    1.0000           

(X_U3.X_U3_U20.RESET)    1.0000       (X_U3.X_U3_U21.RESET)    1.0000           

(X_U3.X_U3_U24.RESET)    1.0000       (X_U3.X_U3_U47.YINT1)    0.0000           

(X_U3.X_U3_U47.YINT2)    0.0000       (X_U3.X_U3_U47.YINT3)    0.0000           

(X_U3.X_U5_U10.MYVSS)    0.0000       (X_U3.X_U5_U10.Qqqd1)    0.0000           

(X_U3.X_U5_U13.MYVSS)    0.0000       (X_U3.X_U5_U13.Qqqd1)    0.0000           

(X_U3.X_U5_U14.MYVSS)    0.0000       (X_U3.X_U5_U14.Qqqd1)    0.0000           

(X_U3.X_U5_U15.MYVSS)    0.0000       (X_U3.X_U5_U15.Qqqd1)    0.0000           

(X_U3.X_U5_U16.MYVSS)    0.0000       (X_U3.X_U5_U16.Qqqd1)    0.0000           

(X_U3.X_U5_U18.MYVSS)    0.0000       (X_U3.X_U5_U18.Qqqd1)    0.0000           

(X_U3.X_U5_U19.MYVSS)    0.0000       (X_U3.X_U5_U19.Qqqd1)    0.0000           

(X_U3.X_U5_U20.MYVSS)    0.0000       (X_U3.X_U5_U20.Qqqd1)    0.0000           

(X_U3.X_U5_U51.YINT1)    0.0000       (X_U3.X_U5_U51.YINT2)    0.0000           

(X_U3.X_U5_U51.YINT3)    0.0000       (X_U3.X_U5_U59.YINT1)    0.0000           

(X_U3.X_U5_U59.YINT2)    0.0000       (X_U3.X_U5_U59.YINT3)    1.0000           

(X_U3.X_U5_U61.YINT1)    0.0000       (X_U3.X_U5_U61.YINT2)    0.0000           

(X_U3.X_U5_U61.YINT3)    1.0000       (X_U3.X_U5_U63.YINT1)    0.0000           

(X_U3.X_U5_U63.YINT2)    0.0000       (X_U3.X_U5_U63.YINT3)    1.0000           

(X_U3.X_U5_U65.YINT1)    0.0000       (X_U3.X_U5_U65.YINT2)    0.0000           

(X_U3.X_U5_U65.YINT3)    1.0000       (X_U3.X_U5_U67.YINT1)    0.0000           

(X_U3.X_U5_U67.YINT2)    0.0000       (X_U3.X_U5_U67.YINT3)    1.0000           

(X_U3.X_U5_U69.YINT1)    0.0000       (X_U3.X_U5_U69.YINT2)    0.0000           

(X_U3.X_U5_U69.YINT3)    1.0000       (X_U3.X_U5_U71.YINT1)    0.0000           

(X_U3.X_U5_U71.YINT2)    0.0000       (X_U3.X_U5_U71.YINT3)    1.0000           

(X_U3.U2_IFAST_ST_CTL)    0.0000      (X_U3.U2_TURN_OFF_CTL)    0.0000          

(X_U3.U2_TURN_OFF_DEL)    0.0000      (X_U3.X_U2_U105.RESET)    1.0000          

(X_U3.X_U2_U106.RESET)    1.0000      (X_U3.X_U2_U120.RESET)    1.0000          

(X_U3.X_U2_U124.RESET)    1.0000      (X_U3.X_U2_U139.YINT1)    0.0000          

(X_U3.X_U2_U139.YINT2)    0.0000      (X_U3.X_U2_U139.YINT3)    1.0000          

(X_U3.X_U2_U140.RESET)    0.0000      (X_U3.X_U2_U144.YINT1)    0.0000          

(X_U3.X_U2_U144.YINT2)    0.0000      (X_U3.X_U2_U144.YINT3)    1.0000          

(X_U3.X_U2_U5.X3.YINT)    0.0000      (X_U3.X_U2_U6.X3.YINT)    0.0000          

(X_U3.X_U2_U7.X3.YINT)    0.0000      (X_U3.X_U2_U8.X3.YINT)    0.0000          

(X_U3.X_U2_U9.X3.YINT)    0.0000      (X_U3.X_U3_U19.RESET2)    1.0000          

(X_U3.X_U3_U20.RESET2)    1.0000      (X_U3.X_U3_U21.RESET2)    1.0000          

(X_U3.X_U3_U24.RESET2)    1.0000      (X_U3.U2_IFAST_ALLOW_B)    0.0000         

(X_U3.U5_CNRETRY_VALUE) 34.37E-09     (X_U3.U5_ZERO_I_WINDOW)    0.0000         

(X_U3.X_U2_U10.X3.YINT)    0.0000     (X_U3.X_U2_U100_U7.MY5)    1.0000         

(X_U3.X_U2_U100_U7.Qbr)    1.0000     (X_U3.X_U2_U100_U7.Qqq) 2.002E-15         

(X_U3.X_U2_U100_U9.MY5)    1.0000     (X_U3.X_U2_U100_U9.Qbr)    1.0000         

(X_U3.X_U2_U100_U9.Qqq)    -.0100     (X_U3.X_U2_U105.RESET2)    1.0000         

(X_U3.X_U2_U106.RESET2)    1.0000     (X_U3.X_U2_U11.X3.YINT)    0.0000         

(X_U3.X_U2_U12.X3.YINT)    0.0000     (X_U3.X_U2_U120.RESET2)    1.0000         

(X_U3.X_U2_U124.RESET2)    1.0000     (X_U3.X_U2_U14.X3.YINT)    0.0000         

(X_U3.X_U2_U140.RESET2)    0.0000     (X_U3.X_U3_U11.X3.YINT)    0.0000         

(X_U3.X_U3_U12.X3.YINT)    0.0000     (X_U3.X_U3_U14.X3.YINT)    0.0000         

(X_U3.X_U5_U10.X3.YINT)    0.0000     (X_U3.X_U5_U13.X3.YINT)    0.0000         

(X_U3.X_U5_U14.X3.YINT)    0.0000     (X_U3.X_U5_U15.X3.YINT)    0.0000         

(X_U3.X_U5_U16.X3.YINT)    0.0000     (X_U3.X_U5_U18.X3.YINT)    0.0000         

(X_U3.X_U5_U19.X3.YINT)    0.0000     (X_U3.X_U5_U20.X3.YINT)    0.0000         

(X_U3.U2_U100_N16817433)    0.0000    (X_U3.U2_U100_N16817655)    1.0000        

(X_U3.U2_U100_N16817681)    0.0000    (X_U3.U2_U100_N16817737) 9.982E-12        

(X_U3.U2_U100_N16817791)     .5000    (X_U3.U2_U100_N16826325)    0.0000        

(X_U3.U2_U100_N16827529) 8.335E-15    (X_U3.U2_U100_N16827549)    2.5000        

(X_U3.U2_U100_N16828510)    1.0000    (X_U3.U3_TIMER_ST_PULSE)    0.0000        

(X_U3.X_U2_U100_U1.Yint)    0.0000    (X_U3.X_U2_U100_U10.MY5)    1.0000        

(X_U3.X_U2_U100_U10.Qbr)    1.0000    (X_U3.X_U2_U100_U10.Qqq) 2.002E-15        

(X_U3.X_U2_U100_U2.Yint)    0.0000    (X_U3.X_U2_U100_U7.Qint) 2.002E-15        

(X_U3.X_U2_U100_U8.YINT)    0.0000    (X_U3.X_U2_U100_U9.Qint)    -.0100        

(X_U3.U2_IFAST-TRIP_TIME)    0.0000   (X_U3.U2_U100_N168179850)    1.0000       

(X_U3.X_U2_U100_U10.Qint) 2.002E-15   (X_U3.X_U2_U100_U25.YINT)    1.0000       

(X_U3.X_U2_U100_U7.MYVSS)    0.0000   (X_U3.X_U2_U100_U7.Qqqd1)    0.0000       

(X_U3.X_U2_U100_U9.MYVSS)    0.0000   (X_U3.X_U2_U100_U9.Qqqd1)    0.0000       

(X_U3.X_U2_U100_U10.MYVSS)    0.0000  (X_U3.X_U2_U100_U10.Qqqd1)    0.0000      

(X_U3.U5_NRETRY_OPEN_LATCH)    0.0000 (X_U3.X_U2_U100_U7.X3.YINT)    0.0000     

(X_U3.X_U2_U100_U9.X3.YINT)    0.0000 (X_U3.X_U2_U100_U10.X3.YINT)    0.0000    

(X_U3.U3_CURRENT_LIMIT_RESTART)    0.0000                




    VOLTAGE SOURCE CURRENTS
    NAME         CURRENT

    V_V3        -2.000E-11
    V_V2        -4.349E-05
    X_U3.V_U5_V8  -2.001E-12
    X_U3.V_U5_V19   0.000E+00
    X_U3.V_U5_V18   0.000E+00
    X_U3.V_U5_V6  -2.101E-12
    X_U3.V_U5_V7   0.000E+00
    X_U3.V_U5_V22  -1.000E-11
    X_U3.V_U3_V6  -2.500E-12
    X_U3.V_U3_V7   0.000E+00
    X_U3.V_U3_V18   0.000E+00
    X_U3.V_U1_V1   0.000E+00
    X_U3.V_U1_V2   0.000E+00
    X_U3.V_U2_V21   0.000E+00
    X_U3.V_U2_U100_V6  -5.001E-12
    X_U3.V_U2_U100_V2  -1.001E-12
    X_U3.V_U2_U100_V1   0.000E+00
    X_U3.V_U2_U100_V3   0.000E+00
    X_U3.V_U2_V13   0.000E+00
    X_U3.V_U2_V9   0.000E+00
    X_U3.V_U2_V14   0.000E+00
    X_U3.V_U2_V18   0.000E+00
    X_U3.V_U2_V19   4.349E-05
    X_U3.V_U2_V20   0.000E+00
    X_U3.V_U2_V22   0.000E+00
    X_U3.V_U2_V10  -2.000E-11
    X_U3.X_U5_U16.V1  -1.001E-12
    X_U3.X_U5_U16.V2   2.776E-27
    X_U3.X_U5_U18.V1  -1.001E-12
    X_U3.X_U5_U18.V2   2.776E-27
    X_U3.X_U5_U15.V1  -1.011E-12
    X_U3.X_U5_U15.V2  -5.677E-14
    X_U3.X_U5_U20.V1  -1.001E-12
    X_U3.X_U5_U20.V2   2.776E-27
    X_U3.X_U5_U13.V1  -1.011E-12
    X_U3.X_U5_U13.V2  -5.677E-14
    X_U3.X_U5_U19.V1  -1.011E-12
    X_U3.X_U5_U19.V2  -5.677E-14
    X_U3.X_U5_U14.V1  -1.001E-12
    X_U3.X_U5_U14.V2   2.776E-27
    X_U3.X_U5_U10.V1  -1.001E-12
    X_U3.X_U5_U10.V2   2.776E-27
    X_U3.X_U3_U14.V1  -1.011E-12
    X_U3.X_U3_U14.V2  -5.677E-14
    X_U3.X_U3_H3.VH_U3_H3   1.168E-26
    X_U3.X_U3_U11.V1  -1.011E-12
    X_U3.X_U3_U11.V2  -5.677E-14
    X_U3.X_U3_U12.V1  -1.001E-12
    X_U3.X_U3_U12.V2   2.776E-27
    X_U3.X_U2_U12.V1  -1.001E-12
    X_U3.X_U2_U12.V2   2.776E-27
    X_U3.X_U2_U8.V1  -1.001E-12
    X_U3.X_U2_U8.V2   2.776E-27
    X_U3.X_U2_U100_U7.V1  -1.001E-12
    X_U3.X_U2_U100_U7.V2   2.776E-27
    X_U3.X_U2_U100_U10.V1  -1.001E-12
    X_U3.X_U2_U100_U10.V2   2.776E-27
    X_U3.X_U2_U100_U9.V1  -1.011E-12
    X_U3.X_U2_U100_U9.V2  -5.677E-14
    X_U3.X_U2_U14.V1  -1.001E-12
    X_U3.X_U2_U14.V2   2.776E-27
    X_U3.X_U2_H1.VH_U2_H1   4.749E-23
    X_U3.X_U2_U9.V1  -1.011E-12
    X_U3.X_U2_U9.V2  -5.677E-14
    X_U3.X_U2_U11.V1  -1.001E-12
    X_U3.X_U2_U11.V2   2.776E-27
    X_U3.X_U2_U5.V1  -1.001E-12
    X_U3.X_U2_U5.V2   2.776E-27
    X_U3.X_U2_U6.V1  -1.001E-12
    X_U3.X_U2_U6.V2   2.776E-27
    X_U3.X_U2_F1.VF_U2_F1   4.749E-23
    X_U3.X_U2_U7.V1  -1.011E-12
    X_U3.X_U2_U7.V2  -5.677E-14
    X_U3.X_U2_U10.V1  -1.001E-12
    X_U3.X_U2_U10.V2   2.776E-27

    TOTAL POWER DISSIPATION   1.89E-04  WATTS



          JOB CONCLUDED
 AutoConverge Simulator Options
 ITL1 = 150
 ITL2 = 20
 ITL4 = 10
 RELTOL = 0.001
 ABSTOL = 1e-12
 VNTOL = 1e-06
 PIVTOL = 1e-13

**** 10/09/23 16:23:05 ******* PSpice 17.4.0 (Nov 2018) ******* ID# 0 ********

 ** Profile: "TPS259830L_STARTUP-Trans"  [ C:\Users\a0489230\Documents\TPS25983\TPS259830LNRGE_PSPICE_TRANS\tps259830l_trans-pspicefi


 ****     JOB STATISTICS SUMMARY


******************************************************************************



  Total job time (using Solver 1)   =        1.45
